17:31:17 - INFO - Testing root route...
17:31:17 - INFO - Status Code: 200
17:31:17 - INFO - Testing get all tasks...
17:31:17 - INFO - Status Code: 200
17:31:17 - INFO - Testing create task...
17:31:17 - INFO - Status Code: 201
17:31:17 - INFO - Testing create task with invalid payload...
17:31:18 - INFO - Status Code: 201
17:31:18 - INFO - Testing get all comments for a post...
17:31:18 - INFO - Status Code: 200
17:31:18 - INFO - Testing delete task...
17:31:18 - INFO - Status Code: 201
17:31:18 - INFO - Testing get invalid task...
17:31:18 - INFO - Status Code: 404
17:31:18 - INFO - Testing response time under 500ms...
17:31:18 - INFO - Status Code: 200
17:31:18 - INFO - Testing endpoint: /posts with expected status code: 200
17:31:19 - INFO - Status Code: 200
17:31:19 - INFO - Testing endpoint: /nonexistent with expected status code: 404
17:31:19 - INFO - Status Code: 404
5-07-23 17:31:18,991] INFO: Testing endpoint: /posts with expected status code: 200
[2025-07-23 17:31:19,008] INFO: Status Code: 200
[2025-07-23 17:31:19,010] INFO: Testing endpoint: /nonexistent with expected status code: 404
[2025-07-23 17:31:19,028] INFO: Status Code: 404
